{"session_id":"5e411ed5-87d5-4260-8842-82f71c57bff8","response":"The weather in Tokyo in August is characterized by hot and humid conditions. ☀️\n\n## 🌡️ Temperature and Humidity:\n*   **Highs:** Daytime temperatures typically range from 26°C to 33°C (88°F to 90°F), with some forecasts predicting daily maximums around 31°C to 32°C.\n*   **Heat Index:** Humidity often pushes the apparent temperature to 38–42°C (100–108°F).\n*   **Extreme Heat:** There's a classification for \"severely hot days\" (kokushobi) for days reaching 40°C (104°F) and above.\n*   **Humidity:** Expect humidity levels to be around 70-85%, making it feel muggy and hotter.\n\n## 🌧️ Precipitation:\n*   **Scattered Showers:** While August is generally drier than the preceding rainy season, scattered showers and thunderstorms are common. Some forecasts mention around 8 days of rain in August.\n*   **Typhoon Season:** Towards the end of the month, there's an increased chance of typhoons, which can bring more significant rainfall.\n\n## ⛱️ Recommendations:\n*   **Stay Hydrated:** Drink plenty of water and cold drinks. 💧\n*   **Seek Shade:** Plan activities for early mornings (before 9 am) and evenings (after 6:30 pm). During the hottest parts of the day (noon to 4 pm), stay in shaded areas or air-conditioned spaces. 🏠\n*   **Sun Protection:** Essential items include sunscreen, a hat, and sunglasses, as UV rays are particularly strong. 😎\n*   **Clothing:** Pack light, breathable clothing like t-shirts, shorts, and skirts.\n\n## 📅 Forecast Context:\n*   The provided information seems to be based on forecasts for August, with some references to August 2026.\n*   Weather can vary, and it's always a good idea to check the most up-to-date Tokyo weather forecast before your trip. 🌦️\n\nSources:\n*   https://www.when-to-wander.com/destinations/tokyo/august\n*   https://polymarket.com/event/highest-temperature-in-tokyo-on-august-15-2026\n*   https://www.accuweather.com/en/jp/tokyo/226396/august-weather/226396\n*   https://www.traveloka.com/en-sg/explore/destination/tokyo-weather-temperature-forecast/1002840\n*   https://www.japanhighlights.com/japan/weather-in-august","tools_used":["web_search_tool"],"timestamp":"2026-08-15T20:19:40.478483","latency_ms":8175}